// Jest Snapshot v1, https://goo.gl/fbAQLP

exports[`renders correctly 1`] = `
<RCTSafeAreaView
  style={
    {
      "backgroundColor": "#F7F3FF",
      "height": "100%",
    }
  }
>
  <View
    style={
      {
        "backgroundColor": "#FFFFFF",
        "borderRadius": 8,
        "margin": 40,
        "shadowColor": "rgba(0, 0, 0, 0.10)",
        "shadowOffset": {
          "height": 8,
          "width": 4,
        },
        "shadowOpacity": 1,
        "shadowRadius": 20,
      }
    }
  >
    <Text
      style={
        {
          "color": "#212022",
          "fontFamily": "ObjektivMk1Trial-Medium",
          "fontSize": 32,
          "lineHeight": 44.8,
          "padding": 24,
        }
      }
    >
      Hallo Welt
    </Text>
  </View>
  <View
    style={
      {
        "flexDirection": "row",
        "flexWrap": "wrap",
        "justifyContent": "space-around",
      }
    }
  >
    <View
      accessibilityState={
        {
          "busy": undefined,
          "checked": undefined,
          "disabled": undefined,
          "expanded": undefined,
          "selected": undefined,
        }
      }
      accessibilityValue={
        {
          "max": undefined,
          "min": undefined,
          "now": undefined,
          "text": undefined,
        }
      }
      accessible={true}
      collapsable={false}
      focusable={true}
      onClick={[Function]}
      onResponderGrant={[Function]}
      onResponderMove={[Function]}
      onResponderRelease={[Function]}
      onResponderTerminate={[Function]}
      onResponderTerminationRequest={[Function]}
      onStartShouldSetResponder={[Function]}
      style={
        {
          "alignItems": "center",
          "backgroundColor": "#7342DE",
          "borderRadius": 48,
          "display": "flex",
          "flexDirection": "row",
          "height": 44,
          "justifyContent": "center",
          "minWidth": 44,
          "opacity": 1,
          "padding": 12,
          "width": 86,
        }
      }
    >
      <View
        style={
          {
            "marginRight": 4,
          }
        }
      >
        < />
      </View>
      <Text
        style={
          [
            {
              "fontFamily": "ObjektivMk1Trial-Medium",
              "fontSize": 12,
              "lineHeight": 16.799999999999997,
            },
            {
              "color": "#FFFFFF",
            },
          ]
        }
      >
        Button
      </Text>
    </View>
    <View
      accessibilityState={
        {
          "busy": undefined,
          "checked": undefined,
          "disabled": false,
          "expanded": undefined,
          "selected": undefined,
        }
      }
      accessibilityValue={
        {
          "max": undefined,
          "min": undefined,
          "now": undefined,
          "text": undefined,
        }
      }
      accessible={true}
      collapsable={false}
      disableBuiltInState={true}
      fillColor="transparent"
      focusable={true}
      iconComponent={
        <View
          style={
            [
              {
                "borderColor": "#D7D5DC",
                "borderRadius": 4,
              },
              {
                "backgroundColor": "#7342DE",
                "borderRadius": 2,
                "height": 10,
                "width": 10,
              },
              false,
              false,
            ]
          }
        />
      }
      innerIconStyle={
        [
          {
            "borderColor": "#D7D5DC",
            "borderRadius": 4,
          },
          false,
          {
            "borderColor": "#7342DE",
          },
          false,
          false,
        ]
      }
      isChecked={true}
      onBlur={[Function]}
      onClick={[Function]}
      onFocus={[Function]}
      onResponderGrant={[Function]}
      onResponderMove={[Function]}
      onResponderRelease={[Function]}
      onResponderTerminate={[Function]}
      onResponderTerminationRequest={[Function]}
      onStartShouldSetResponder={[Function]}
      size={16}
      style={
        [
          {
            "alignItems": "center",
            "flexDirection": "row",
          },
          undefined,
        ]
      }
    >
      <View
        collapsable={false}
        style={
          {
            "alignItems": "center",
            "backgroundColor": "transparent",
            "borderRadius": 8,
            "height": 16,
            "justifyContent": "center",
            "transform": [
              {
                "scale": 1,
              },
            ],
            "width": 16,
          }
        }
      >
        <View
          style={
            [
              {
                "alignItems": "center",
                "borderColor": "transparent",
                "borderRadius": 8,
                "borderWidth": 1,
                "height": 16,
                "justifyContent": "center",
                "width": 16,
              },
              [
                {
                  "borderColor": "#D7D5DC",
                  "borderRadius": 4,
                },
                false,
                {
                  "borderColor": "#7342DE",
                },
                false,
                false,
              ],
            ]
          }
        >
          <View
            style={
              [
                {
                  "borderColor": "#D7D5DC",
                  "borderRadius": 4,
                },
                {
                  "backgroundColor": "#7342DE",
                  "borderRadius": 2,
                  "height": 10,
                  "width": 10,
                },
                false,
                false,
              ]
            }
          />
        </View>
      </View>
      <View
        style={
          [
            {
              "marginLeft": 16,
            },
            undefined,
          ]
        }
      >
        <Text
          style={
            [
              {
                "color": "#757575",
                "fontSize": 16,
                "textDecorationLine": "line-through",
              },
              undefined,
            ]
          }
        />
      </View>
    </View>
    <View
      style={
        [
          {
            "flexDirection": "row",
          },
          undefined,
        ]
      }
    >
      <View
        accessibilityState={
          {
            "busy": undefined,
            "checked": undefined,
            "disabled": false,
            "expanded": undefined,
            "selected": undefined,
          }
        }
        accessibilityValue={
          {
            "max": undefined,
            "min": undefined,
            "now": undefined,
            "text": undefined,
          }
        }
        accessible={true}
        collapsable={false}
        disableBuiltInState={true}
        fillColor="transparent"
        focusable={true}
        iconComponent={
          <View
            style={
              [
                {
                  "borderColor": "#212022",
                },
                {
                  "backgroundColor": "#7342DE",
                  "borderRadius": 12,
                  "height": 10,
                  "width": 10,
                },
                false,
                false,
              ]
            }
          />
        }
        id={1}
        innerIconStyle={
          [
            {
              "borderColor": "#212022",
            },
            false,
            {
              "borderColor": "#7342DE",
            },
            false,
            false,
          ]
        }
        isChecked={true}
        onBlur={[Function]}
        onClick={[Function]}
        onFocus={[Function]}
        onResponderGrant={[Function]}
        onResponderMove={[Function]}
        onResponderRelease={[Function]}
        onResponderTerminate={[Function]}
        onResponderTerminationRequest={[Function]}
        onStartShouldSetResponder={[Function]}
        size={16}
        style={
          [
            {
              "alignItems": "center",
              "flexDirection": "row",
            },
            undefined,
          ]
        }
      >
        <View
          collapsable={false}
          style={
            {
              "alignItems": "center",
              "backgroundColor": "transparent",
              "borderRadius": 8,
              "height": 16,
              "justifyContent": "center",
              "transform": [
                {
                  "scale": 1,
                },
              ],
              "width": 16,
            }
          }
        >
          <View
            style={
              [
                {
                  "alignItems": "center",
                  "borderColor": "transparent",
                  "borderRadius": 8,
                  "borderWidth": 1,
                  "height": 16,
                  "justifyContent": "center",
                  "width": 16,
                },
                [
                  {
                    "borderColor": "#212022",
                  },
                  false,
                  {
                    "borderColor": "#7342DE",
                  },
                  false,
                  false,
                ],
              ]
            }
          >
            <View
              style={
                [
                  {
                    "borderColor": "#212022",
                  },
                  {
                    "backgroundColor": "#7342DE",
                    "borderRadius": 12,
                    "height": 10,
                    "width": 10,
                  },
                  false,
                  false,
                ]
              }
            />
          </View>
        </View>
        <View
          style={
            [
              {
                "marginLeft": 16,
              },
              undefined,
            ]
          }
        >
          <Text
            style={
              [
                {
                  "color": "#757575",
                  "fontSize": 16,
                  "textDecorationLine": "line-through",
                },
                undefined,
              ]
            }
          />
        </View>
      </View>
      <View
        accessibilityState={
          {
            "busy": undefined,
            "checked": undefined,
            "disabled": false,
            "expanded": undefined,
            "selected": undefined,
          }
        }
        accessibilityValue={
          {
            "max": undefined,
            "min": undefined,
            "now": undefined,
            "text": undefined,
          }
        }
        accessible={true}
        collapsable={false}
        disableBuiltInState={true}
        fillColor="transparent"
        focusable={true}
        iconComponent={
          <View
            style={false}
          />
        }
        id={2}
        innerIconStyle={
          [
            {
              "borderColor": "#212022",
            },
            false,
            false,
            false,
            false,
          ]
        }
        isChecked={false}
        onBlur={[Function]}
        onClick={[Function]}
        onFocus={[Function]}
        onResponderGrant={[Function]}
        onResponderMove={[Function]}
        onResponderRelease={[Function]}
        onResponderTerminate={[Function]}
        onResponderTerminationRequest={[Function]}
        onStartShouldSetResponder={[Function]}
        size={16}
        style={
          [
            {
              "alignItems": "center",
              "flexDirection": "row",
            },
            undefined,
          ]
        }
      >
        <View
          collapsable={false}
          style={
            {
              "alignItems": "center",
              "backgroundColor": "transparent",
              "borderRadius": 8,
              "height": 16,
              "justifyContent": "center",
              "transform": [
                {
                  "scale": 1,
                },
              ],
              "width": 16,
            }
          }
        >
          <View
            style={
              [
                {
                  "alignItems": "center",
                  "borderColor": "transparent",
                  "borderRadius": 8,
                  "borderWidth": 1,
                  "height": 16,
                  "justifyContent": "center",
                  "width": 16,
                },
                [
                  {
                    "borderColor": "#212022",
                  },
                  false,
                  false,
                  false,
                  false,
                ],
              ]
            }
          >
            <View
              style={false}
            />
          </View>
        </View>
        <View
          style={
            [
              {
                "marginLeft": 16,
              },
              undefined,
            ]
          }
        >
          <Text
            style={
              [
                {
                  "color": "#757575",
                  "fontSize": 16,
                  "textDecorationLine": "none",
                },
                undefined,
              ]
            }
          />
        </View>
      </View>
    </View>
    <View
      style={
        {
          "flexDirection": "column",
        }
      }
    >
      <Text
        style={
          [
            {
              "color": "#212022",
              "fontFamily": "ObjektivMk1Trial-Medium",
              "fontSize": 10,
              "fontWeight": 500,
              "lineHeight": 14,
              "paddingHorizontal": 12,
              "paddingVertical": 8,
            },
            undefined,
            undefined,
          ]
        }
      >
        Label
      </Text>
      <View
        style={
          [
            {
              "backgroundColor": "#FFFFFF",
              "borderColor": "#EEECF2",
              "borderRadius": 4,
              "borderWidth": 1,
              "height": 40,
              "padding": 12,
              "width": 342,
            },
            {
              "height": 64,
            },
            false,
            false,
            false,
            undefined,
            undefined,
          ]
        }
      >
        <TextInput
          blurOnSubmit={true}
          editable={true}
          multiline={true}
          numberOfLines={2}
          onBlur={[Function]}
          onChangeText={[Function]}
          onFocus={[Function]}
          placeholder="Placeholder"
          placeholderTextColor="#CBC9CF"
          style={
            [
              {
                "fontFamily": "ObjektivMk1Trial-Regular",
                "fontSize": 12,
                "height": "100%",
                "lineHeight": 16.799999999999997,
                "width": "100%",
              },
              false,
              false,
            ]
          }
          value=""
        />
        <
          style={
            [
              {
                "color": "#212022",
                "left": "100%",
                "position": "absolute",
                "top": "100%",
              },
              false,
            ]
          }
        />
      </View>
    </View>
    <View>
      <View
        style={
          [
            {
              "backgroundColor": "#FFFFFF",
              "borderColor": "#EEECF2",
              "borderRadius": 4,
              "borderWidth": 1,
              "height": 40,
              "padding": 12,
              "width": 342,
            },
            {
              "alignItems": "center",
              "borderRadius": 80,
              "flexDirection": "row",
              "paddingHorizontal": 12,
              "paddingVertical": 6,
            },
            false,
            false,
            false,
          ]
        }
      >
        <
          style={
            [
              {
                "color": "#212022",
              },
              false,
            ]
          }
        />
        <TextInput
          editable={true}
          onBlur={[Function]}
          onChangeText={[Function]}
          onFocus={[Function]}
          placeholder="placeholder"
          placeholderTextColor="#CBC9CF"
          style={
            [
              {
                "fontFamily": "ObjektivMk1Trial-Regular",
                "fontSize": 12,
                "height": "100%",
                "lineHeight": 16.799999999999997,
                "width": "100%",
              },
              {
                "marginLeft": 6,
                "width": "85%",
              },
              false,
              false,
            ]
          }
        />
      </View>
    </View>
    <View
      style={
        {
          "flexDirection": "column",
          "width": 342,
        }
      }
    >
      <Text
        style={
          {
            "color": "#212022",
            "fontFamily": "ObjektivMk1Trial-Medium",
            "fontSize": 10,
            "fontWeight": 500,
            "lineHeight": 14,
            "paddingHorizontal": 12,
            "paddingVertical": 8,
          }
        }
      >
        Label
      </Text>
      <View
        style={
          [
            {
              "width": "100%",
            },
            {
              "zIndex": 5000,
            },
            {},
          ]
        }
      >
        <View
          accessibilityState={
            {
              "busy": undefined,
              "checked": undefined,
              "disabled": false,
              "expanded": undefined,
              "selected": undefined,
            }
          }
          accessibilityValue={
            {
              "max": undefined,
              "min": undefined,
              "now": undefined,
              "text": undefined,
            }
          }
          accessible={true}
          collapsable={false}
          focusable={true}
          onClick={[Function]}
          onLayout={[Function]}
          onResponderGrant={[Function]}
          onResponderMove={[Function]}
          onResponderRelease={[Function]}
          onResponderTerminate={[Function]}
          onResponderTerminationRequest={[Function]}
          onStartShouldSetResponder={[Function]}
          style={
            {
              "alignItems": "center",
              "backgroundColor": "#fff",
              "borderColor": "#EEECF2",
              "borderRadius": 4,
              "borderWidth": 1,
              "flexDirection": "row",
              "height": 40,
              "justifyContent": "space-between",
              "minHeight": 50,
              "opacity": 1,
              "paddingHorizontal": 10,
              "paddingVertical": 3,
              "width": "100%",
              "zIndex": 5000,
            }
          }
        >
          <Text
            style={
              [
                {
                  "color": "#000",
                  "flex": 1,
                },
                {},
                false,
                {
                  "color": "#CBC9CF",
                  "fontFamily": "ObjektivMk1Trial-Regular",
                  "fontSize": 12,
                  "lineHeight": 16.799999999999997,
                },
                false,
              ]
            }
          >
            Select an item
          </Text>
          <View
            style={
              [
                {
                  "marginLeft": 10,
                },
                {},
              ]
            }
          >
            <
              style={
                {
                  "color": "#212022",
                }
              }
            />
          </View>
        </View>
      </View>
    </View>
    <View>
      <View
        accessibilityRole="button"
        accessibilityState={
          {
            "busy": undefined,
            "checked": undefined,
            "disabled": undefined,
            "expanded": undefined,
            "selected": undefined,
          }
        }
        accessibilityValue={
          {
            "max": undefined,
            "min": undefined,
            "now": undefined,
            "text": undefined,
          }
        }
        accessible={true}
        collapsable={false}
        focusable={true}
        onClick={[Function]}
        onResponderGrant={[Function]}
        onResponderMove={[Function]}
        onResponderRelease={[Function]}
        onResponderTerminate={[Function]}
        onResponderTerminationRequest={[Function]}
        onStartShouldSetResponder={[Function]}
        style={
          {
            "opacity": 1,
          }
        }
      >
        <View
          style={
            [
              {},
            ]
          }
        >
          <Text
            style={
              [
                {
                  "color": "#007AFF",
                  "fontSize": 18,
                  "margin": 8,
                  "textAlign": "center",
                },
              ]
            }
          >
            login
          </Text>
        </View>
      </View>
    </View>
  </View>
</RCTSafeAreaView>
`;
